   ▲ Next.js 15.5.15
   - Environments: .env

   Creating an optimized production build ...
Failed to compile.

./src/lib/prisma.ts
Module not found: Can't resolve '../../generated/prisma'

https://nextjs.org/docs/messages/module-not-found

Import trace for requested module:
./src/app/api/admin/audios/route.ts


> Build failed because of webpack errors
